<!DOCTYPE html>
<html xmlns="http://www.w3.org/1999/xhtml">
<head>
  <meta charset="utf-8">
  <meta name="generator" content="pandoc 3.12">
  <meta name="viewport" content="width=device-width, initial-scale=1.0, user-scalable=yes">
  <meta name="keywords" content="Keyword 1, Keyword 2, Keyword
3, Keyword 4, Keyword 5">
  <title>Your Manuscript Title: A Comprehensive Study</title>
  <style>
    /* Default styles provided by pandoc.
    ** See https://pandoc.org/MANUAL.html#variables-for-html for config info.
    */
    html {
      /* Keep the browser canvas separate from the A4 page shown below. */
      font-family: "Times New Roman", Times, serif;
      font-size: 12pt;
      line-height: 1.5;
      color: #1a1a1a;
      background-color: #f0eff5;
      --pmt-page-width: 210mm;
      --pmt-page-height: 297mm;
      --pmt-page-margin-top: 72pt;
      --pmt-page-margin-bottom: 72pt;
      --pmt-page-margin-left: 89.8583pt;
      --pmt-page-margin-right: 89.8583pt;
      --pmt-text-width: calc(
        var(--pmt-page-width) - var(--pmt-page-margin-left) - var(--pmt-page-margin-right)
      );
      --pmt-text-height: calc(
        var(--pmt-page-height) - var(--pmt-page-margin-top) - var(--pmt-page-margin-bottom)
      );
    }
    /* Chinese-language HTML uses Times New Roman, 宋体 body text, and 黑体 headings. */
    html:lang(zh) {
      font-family: "Times New Roman", "宋体", SimSun, serif;
    }
    html:lang(zh) h1,
    html:lang(zh) h2,
    html:lang(zh) h3,
    html:lang(zh) h4,
    html:lang(zh) h5,
    html:lang(zh) h6 {
      font-family: "Times New Roman", "黑体", SimHei, sans-serif;
      font-weight: normal;
    }
    html:lang(zh) h1.title,
    html:lang(zh) p.subtitle {
      font-family: "Times New Roman", "黑体", SimHei, sans-serif;
      font-weight: normal;
    }
    /* Match the Chinese DOCX defaults: 小三=15pt, 四号=14pt, 五号=10.5pt. */
    html:lang(zh) h1:not(.title) {
      font-size: 15pt;
    }
    html:lang(zh) h2 {
      font-size: 14pt;
    }
    html:lang(zh) figure figcaption,
    html:lang(zh) table caption {
      font-size: 10.5pt;
      font-weight: normal;
    }
    body {
      margin: 0;
      max-width: none;
      min-height: 100vh;
      padding: 2rem 0;
      background-color: #f0eff5;
      hyphens: auto;
      overflow-wrap: break-word;
      text-rendering: optimizeLegibility;
      font-kerning: normal;
    }
    .pmt-page {
      box-sizing: border-box;
      width: var(--pmt-page-width);
      min-height: var(--pmt-page-height);
      margin: 0 auto;
      padding: var(--pmt-page-margin-top) var(--pmt-page-margin-right)
        var(--pmt-page-margin-bottom) var(--pmt-page-margin-left);
      background-color: #fff;
      box-shadow: 0 1px 8px rgba(35, 35, 45, 0.18);
    }
    @media (max-width: 600px) {
      body {
        font-size: 0.9em;
        padding: 12px;
      }
      .pmt-page {
        width: 100%;
        min-height: auto;
        padding: 12px;
        box-shadow: none;
      }
      h1 {
        font-size: 1.8em;
      }
    }
    @media print {
      html {
        background-color: white;
      }
      body {
        min-height: auto;
        padding: 0;
        background-color: white;
        color: black;
      }
      .pmt-page {
        width: auto;
        min-height: auto;
        margin: 0;
        box-shadow: none;
      }
      p, h2, h3 {
        orphans: 3;
        widows: 3;
      }
      h2, h3, h4 {
        page-break-after: avoid;
      }
    }
    p {
      margin: 1em 0;
      text-align: justify;
    }
    /* Keep Pandoc's DOCX revision styles visible in standalone HTML output. */
    [data-custom-style="Revision Char"],
    [data-custom-style="Revision Para"] {
      color: #ee0000;
    }
    /* Match DOCX whole-table revisions by coloring the HTML table caption. */
    [data-revision_rows="*"] > caption,
    [data-revision_columns="*"] > caption,
    [data-revision-rows="*"] > caption,
    [data-revision-columns="*"] > caption {
      color: #ee0000;
    }
    /* Keep pandoc-crossref subfigure layout tables neutral, like the DOCX cleanup. */
    figure.subfigures .pmt-subfigure-table {
      margin: 0;
      border: 0;
      background: transparent;
    }
    figure.subfigures .pmt-subfigure-table > tbody {
      margin-top: 0;
      border-top: 0;
      border-bottom: 0;
    }
    figure.subfigures .pmt-subfigure-table td,
    figure.subfigures .pmt-subfigure-table th {
      border: 0;
      padding: 0;
    }
    figure.subfigures .pmt-subfigure-table figure {
      margin: 0;
    }
    /* Apply the paragraph style to the inner HTML paragraph created by the wrapper. */
    [data-custom-style="Para Where"] > p {
      text-indent: 0;
    }
    [data-custom-style="Para Where"][data-where-layout="table"] > p {
      margin-top: 6pt;
    }
    [data-custom-style="Para After Table"] > p {
      margin-top: 6pt;
    }
    ol,
    ul,
    li {
      text-align: justify;
    }
    /* Citeproc emits #refs/.csl-entry; keep the bibliography aligned with body text. */
    #refs,
    #refs .csl-entry,
    .references,
    .csl-bib-body,
    .csl-entry {
      text-align: justify;
    }
    /* Keep the generated author block compact and centered like the DOCX title area. */
    .papper-authors {
      text-align: center;
    }
    .papper-authors p {
      text-align: center;
    }
    .papper-authors .affiliation {
      margin: 0.15em 0;
      line-height: 1.2;
      font-style: italic;
      font-size: smaller;
    }
    .papper-authors .corresponding-author {
      margin-top: 0.45em;
      line-height: 1.3;
      font-size: smaller;
    }
    a {
      color: #1a1a1a;
    }
    a:visited {
      color: #1a1a1a;
    }
    img {
      max-width: 100%;
    }
    figure {
      margin: 1em auto;
      text-align: center;
    }
    figure img,
    p > img:only-child,
    p > a > img:only-child {
      display: block;
      margin-left: auto;
      margin-right: auto;
    }
    figure figcaption,
    table caption {
      text-align: center;
    }
    svg {
      height: auto;
      max-width: 100%;
    }
    h1, h2, h3, h4, h5, h6 {
      margin-top: 1.4em;
    }
    h1 {
      font-size: 15pt;
    }
    h2 {
      font-size: 14pt;
    }
    h3, h4, h5, h6 {
      font-size: 12pt;
    }
    h1.title {
      font-size: 16pt;
      font-weight: bold;
    }
    p.subtitle {
      font-size: 14pt;
      font-weight: normal;
    }
    h5, h6 {
      font-style: italic;
    }
    h6 {
      font-weight: normal;
    }
    ol, ul {
      padding-left: 1.7em;
      margin-top: 1em;
    }
    li > ol, li > ul {
      margin-top: 0;
    }
    blockquote {
      margin: 1em 0 1em 1.7em;
      padding-left: 1em;
      border-left: 2px solid #e6e6e6;
      color: #606060;
    }
    div.abstract {
      margin: 2em 0em 0em 0em;
      text-align: justify;
      font-size: 12pt;
      line-height: 1.5;
    }
    div.abstract-title {
      font-weight: bold;
      text-align: center;
      font-size: 12pt;
      padding: 0;
      margin-bottom: 0.5em;
    }
    code {
      white-space: pre-wrap;
      font-family: Menlo, Monaco, Consolas, 'Lucida Console', monospace;
      font-size: 85%;
      margin: 0;
      hyphens: manual;
    }
    pre {
      margin: 1em 0;
      overflow: auto;
    }
    pre code {
      padding: 0;
      overflow: visible;
      overflow-wrap: normal;
    }
    .sourceCode {
     background-color: transparent;
     overflow: visible;
    }
    hr {
      border: none;
      border-top: 1px solid #1a1a1a;
      height: 1px;
      margin: 1em 0;
    }
    table {
      /* Center tables through the standalone HTML stylesheet, like DOCX table alignment. */
      margin: 1em auto;
      border-collapse: collapse;
      width: 100%;
      max-width: 100%;
      font-variant-numeric: lining-nums tabular-nums;
      line-height: 1;
    }
    table tr {
      line-height: 1;
    }
    table caption {
      margin-bottom: 0.75em;
    }
    tbody {
      margin-top: 0.5em;
      border-top: 0.5pt solid #1a1a1a;
      border-bottom: 1.5pt solid #1a1a1a;
    }
    th {
      border-top: 1.5pt solid #1a1a1a;
      padding: 0.25em 0.5em 0.25em 0.5em;
      line-height: 1;
    }
    td {
      padding: 0.125em 0.5em 0.25em 0.5em;
      line-height: 1;
    }
    header {
      margin-bottom: 4em;
      text-align: center;
    }
    #TOC li {
      list-style: none;
    }
    #TOC ul {
      padding-left: 1.3em;
    }
    #TOC > ul {
      padding-left: 0;
    }
    #TOC a:not(:hover) {
      text-decoration: none;
    }
    span.smallcaps{font-variant: small-caps;}
    div.columns{display: flex; gap: 1.5em;}
    div.column{flex: auto;}
    @media screen {
    div.columns{gap: min(4vw, 1.5em);}
    div.column{overflow-x: auto;}
    }
    div.hanging-indent{margin-left: 1.5em; text-indent: -1.5em;}
    /* The extra [class] is a hack that increases specificity enough to
       override a similar rule in reveal.js */
    ul.task-list[class]{list-style: none;}
    ul.task-list li input[type="checkbox"] {
      font-size: inherit;
      width: 0.8em;
      margin: 0 0.8em 0.2em -1.6em;
      vertical-align: middle;
    }
    /* KaTeX's bundled stylesheet enlarges formulas to 1.21em by default. */
    .math .katex,
    .katex {
      font-size: inherit !important;
    }
    /* CSS for citations */
    div.csl-bib-body { }
    div.csl-entry {
      clear: both;
      margin-bottom: 0em;
    }
    .hanging-indent div.csl-entry {
      margin-left:2em;
      text-indent:-2em;
    }
    div.csl-left-margin {
      min-width:2em;
      float:left;
    }
    div.csl-right-inline {
      margin-left:2em;
      padding-left:1em;
    }
    div.csl-indent {
      margin-left: 2em;
    }  </style>
  <style>
  .pmt-page {
    /* Body Text inherited from reference-doc/word/styles.xml */
    font-size: 12pt;
    font-family: "Times New Roman", "宋体", SimSun, serif;
    line-height: 1.5;
    text-align: justify;
  }

  h1.title {
    /* Title from reference-doc/word/styles.xml */
    font-size: 16pt;
    font-family: "Times New Roman", "黑体", SimSun, serif;
    font-weight: bold;
    line-height: 1.5;
    margin-bottom: 4pt;
    text-align: center;
  }

  p.subtitle {
    /* Subtitle from reference-doc/word/styles.xml */
    font-size: 14pt;
    font-family: "Times New Roman", "黑体", SimSun, serif;
    font-weight: bold;
    line-height: 1.5;
    margin-bottom: 4pt;
    text-align: center;
  }

  .pmt-page > p {
    /* Body Text from reference-doc/word/styles.xml */
    font-size: 12pt;
    font-family: "Times New Roman", "宋体", SimSun, serif;
    line-height: 1.5;
    margin-top: 9pt;
    margin-bottom: 9pt;
    text-align: justify;
  }

  .pmt-page > p:first-of-type {
    /* First Paragraph from reference-doc/word/styles.xml */
    font-size: 12pt;
    font-family: "Times New Roman", "宋体", SimSun, serif;
    line-height: 1.5;
    margin-top: 9pt;
    margin-bottom: 9pt;
    text-align: justify;
  }

  h1 {
    /* Heading 1 from reference-doc/word/styles.xml */
    font-size: 14pt;
    font-family: "Times New Roman", "黑体", SimSun, serif;
    font-weight: bold;
    line-height: 1.5;
    margin-top: 18pt;
    margin-bottom: 4pt;
    text-align: justify;
  }

  h2 {
    /* Heading 2 from reference-doc/word/styles.xml */
    font-size: 12pt;
    font-family: "Times New Roman", "黑体", SimSun, serif;
    font-weight: bold;
    line-height: 1.5;
    margin-top: 8pt;
    margin-bottom: 4pt;
    text-align: justify;
  }

  h3 {
    /* Heading 3 from reference-doc/word/styles.xml */
    font-size: 12pt;
    font-family: "Times New Roman", "黑体", SimSun, serif;
    font-weight: bold;
    line-height: 1.5;
    margin-top: 8pt;
    margin-bottom: 4pt;
    text-align: justify;
  }

  h4 {
    /* Heading 4 from reference-doc/word/styles.xml */
    font-size: 12pt;
    font-family: "Times New Roman", "宋体", SimSun, serif;
    line-height: 1.5;
    margin-top: 4pt;
    margin-bottom: 2pt;
    text-align: justify;
  }

  h5 {
    /* Heading 5 from reference-doc/word/styles.xml */
    font-size: 12pt;
    font-family: "Times New Roman", "黑体", SimSun, serif;
    line-height: 1.5;
    margin-top: 4pt;
    margin-bottom: 2pt;
    text-align: justify;
  }

  h6 {
    /* Heading 6 from reference-doc/word/styles.xml */
    font-size: 12pt;
    font-family: "Times New Roman", "宋体", SimSun, serif;
    font-style: italic;
    color: #595959;
    line-height: 1.5;
    margin-top: 2pt;
    margin-bottom: 0pt;
    text-align: justify;
  }

  figure figcaption, table caption {
    /* Caption from reference-doc/word/styles.xml */
    font-size: 12pt;
    font-family: "Times New Roman", "宋体", SimSun, serif;
    line-height: 1.5;
    margin-bottom: 6pt;
    text-align: center;
  }

  table caption {
    /* Table Caption from reference-doc/word/styles.xml */
    font-size: 12pt;
    font-family: "Times New Roman", "宋体", SimSun, serif;
    line-height: 1.5;
    margin-bottom: 0pt;
    text-align: center;
  }

  figure figcaption {
    /* Image Caption from reference-doc/word/styles.xml */
    font-size: 12pt;
    font-family: "Times New Roman", "宋体", SimSun, serif;
    line-height: 1.5;
    margin-bottom: 6pt;
    text-align: center;
  }

  table, table td, table th {
    /* Table from reference-doc/word/styles.xml */
    font-size: 10.5pt;
  }

  table td, table th {
    /* Table Text from reference-doc/word/styles.xml */
    font-size: 10.5pt;
    font-family: "Times New Roman", "宋体", SimSun, serif;
    line-height: 1;
    text-align: justify;
  }

  table td p, table th p {
    /* Table Text paragraphs from reference-doc/word/styles.xml */
    font-size: 10.5pt;
    font-family: "Times New Roman", "宋体", SimSun, serif;
    line-height: 1;
    margin-top: 2.5pt;
    margin-bottom: 2.5pt;
    text-align: justify;
  }

  table {
    /* Table Text cell margins and paragraph spacing from reference-doc/word/styles.xml */
    --pmt-table-cell-margin-top: 0pt;
    --pmt-table-cell-margin-right: 4.25pt;
    --pmt-table-cell-margin-bottom: 0pt;
    --pmt-table-cell-margin-left: 4.25pt;
    --pmt-table-text-before: 2.5pt;
    --pmt-table-text-after: 2.5pt;
  }

  table td, table th {
    /* Combine reference cell margins, Table Text spacing, and per-table overrides. */
    padding-top: calc(var(--pmt-table-cell-margin-top, 0pt) + var(--pmt-table-text-before, 0pt));
    padding-right: var(--pmt-table-cell-margin-right, 0pt);
    padding-bottom: calc(var(--pmt-table-cell-margin-bottom, 0pt) + var(--pmt-table-text-after, 0pt));
    padding-left: var(--pmt-table-cell-margin-left, 0pt);
  }

  h1 {
    /* docxStyle.标题 1 override from reference-doc/word/styles.xml */
    font-size: 12pt;
  }

  h2 {
    /* docxStyle.标题 2 override from reference-doc/word/styles.xml */
    font-size: 12pt;
  }

  .pmt-page > p, .pmt-page > p:first-of-type {
    /* docxStyle.正文文本 override from reference-doc/word/styles.xml */
    margin-top: 0pt;
    margin-bottom: 0pt;
    text-indent: 2em;
  }
  </style>
  <script defer src="https://cdn.jsdmirror.com/npm/katex@latest/dist/katex.min.js"></script>
  <script>document.addEventListener("DOMContentLoaded", function () {
 var mathElements = document.getElementsByClassName("math");
 var macros = [];
 for (var i = 0; i < mathElements.length; i++) {
  var texText = mathElements[i].firstChild;
  if (mathElements[i].tagName == "SPAN") {
   katex.render(texText.data, mathElements[i], {
    displayMode: mathElements[i].classList.contains('display'),
    throwOnError: false,
    macros: macros,
    fleqn: false
   });
}}});
  </script>
  <link rel="stylesheet" href="https://cdn.jsdmirror.com/npm/katex@latest/dist/katex.min.css">
</head>
<body>
<main class="pmt-page">
<header id="title-block-header">
<h1 class="title">Your Manuscript Title: A Comprehensive Study</h1>
<div class="papper-authors">
<p class="author"><span class="author-name">First Author</span><sup>a,b</sup>, <span class="author-name">Second Author</span><sup>a,c</sup><sup>*</sup></p>
<p class="affiliation"><sup>a</sup> Department of Example, University Name, City, Country</p>
<p class="affiliation"><sup>b</sup> Institute of Research, University Name, City, Country</p>
<p class="affiliation"><sup>c</sup> Institute of Another Research, University Name, City, Country</p>
<p class="corresponding-author"><sup>*</sup>Correspondence to: Dr. Second Author, Department of Example, University Name, City, Country. E-mail: second.author@university.edu.</p>
</div>
<div class="abstract">
<div class="abstract-title">Abstract</div>
<p>This is a template for academic manuscripts using Pandoc. Replace
this abstract with your own summary of the research. The abstract should
concisely describe the research problem, methodology, key results, and
conclusions. Aim for 150-250 words depending on journal requirements.
This template demonstrates proper formatting for figures, tables,
citations, cross-references, and equations like <span class="math inline">E=mc^2</span> using Pandoc Markdown syntax.</p>
</div>
<p class="keywords"><strong>Keywords: </strong>Keyword 1, Keyword
2, Keyword 3, Keyword 4, Keyword 5</p>
</header>
<h1 id="sec:introduction">1 Introduction</h1>
<p>This template demonstrates the structure and features of an academic
manuscript written in Pandoc Markdown. Replace this content with your
own research introduction.</p>
<p>The introduction should provide a coherent narrative that guides
readers from the general context to your specific research. Start by
establishing the broader research area and its importance. You can cite
previous work to provide context <span class="citation" data-cites="smith2023machine">[<a href="#ref-smith2023machine" role="doc-biblioref">1</a>]</span>, cite multiple works together <span class="citation" data-cites="johnson2022data chen2024neural williams2023dataset">[<a href="#ref-johnson2022data" role="doc-biblioref">2</a>–<a href="#ref-williams2023dataset" role="doc-biblioref">4</a>]</span>, or
refer to specific pages <span class="citation" data-cites="garcia2022open">[<a href="#ref-garcia2022open" role="doc-biblioref">5</a>]</span>.</p>
<p>Previous research has shown interesting results <span class="citation" data-cites="williams2023dataset miller2023survey">[<a href="#ref-williams2023dataset" role="doc-biblioref">4</a>,<a href="#ref-miller2023survey" role="doc-biblioref">6</a>]</span>, which
motivates the current investigation. For a comprehensive review of the
field, see <span class="citation" data-cites="miller2023survey">[<a href="#ref-miller2023survey" role="doc-biblioref">6</a>]</span>. While
significant progress has been made, several challenges remain
unaddressed.</p>
<p>This study addresses three key research questions: (1) What is the
primary research question? (2) What secondary questions support the main
investigation? (3) What practical implications can be derived from the
findings?</p>
<p>The main contributions of this work are threefold. First, we propose
[describe first contribution]. Second, we provide [describe second
contribution]. Third, we demonstrate [describe third contribution]. The
remainder of this paper is organized as follows: Section <a href="#sec:methods">2</a> describes the methodology, Section <a href="#sec:results">3</a> presents experimental results, Section <a href="#sec:discussion">4</a> discusses the findings and limitations, and
Section <a href="#sec:conclusion">5</a> concludes the paper.</p>
<h1 id="sec:methods">2 Methods</h1>
<p>This section describes the methodology employed in the research.</p>
<h2 id="sec:experimental-setup">2.1 Experimental Setup</h2>
<p>Table <a href="#tbl:setup">1</a> summarizes the experimental
configuration used in this study.</p>
<table id="tbl:setup">
<caption>Table 1 Experimental setup configuration</caption>
<colgroup>
<col style="width: 23%">
<col style="width: 20%">
<col style="width: 55%">
</colgroup>
<thead>
<tr>
<th><strong>Parameter</strong></th>
<th><strong>Value</strong></th>
<th><strong>Description</strong></th>
</tr>
</thead>
<tbody>
<tr>
<td>Dataset size</td>
<td>10,000 samples</td>
<td>Total number of observations</td>
</tr>
<tr>
<td>Training split</td>
<td>70%</td>
<td>Portion used for model training</td>
</tr>
<tr>
<td>Validation split</td>
<td>15%</td>
<td>Portion used for hyperparameter tuning</td>
</tr>
<tr>
<td>Test split</td>
<td><span class="math inline">15\%</span></td>
<td>Portion used for final evaluation</td>
</tr>
<tr>
<td>Cross-validation</td>
<td>5-fold</td>
<td>Number of folds for CV</td>
</tr>
</tbody>
</table>
<div data-custom-style="Para After Table">
<p>The table above demonstrates basic table formatting. <span data-custom-style="Revision Char">For DOCX output, you can use advanced
formatting features by adding Pandoc table attributes or cell merge
markers</span> (see examples in Table <a href="#tbl:advanced-formatting">2</a> and Table <a href="#tbl:merged-cells">3</a>).</p>
</div>
<h2 id="sec:advanced-table-formatting-docx-only">2.2 Advanced Table
Formatting (DOCX Only)</h2>
<p>When generating DOCX output with <code>make docx</code>, you can use
special features for enhanced table formatting.</p>
<h3 id="sec:table-attributes">2.2.1 Table Attributes</h3>
<p>Add Pandoc attributes to control DOCX table properties:</p>
<table id="tbl:advanced-formatting" data-cell_margin="0.10cm" data-cell_spacing="0pt" data-autofit="window" data-alignment="center" data-revision_rows="2,5" style="--pmt-table-cell-margin-top: 2.8346pt; --pmt-table-cell-margin-right: 2.8346pt; --pmt-table-cell-margin-bottom: 2.8346pt; --pmt-table-cell-margin-left: 2.8346pt;">
<caption>Table 2 Table formatting properties.</caption>
<thead>
<tr>
<th><strong>Property</strong></th>
<th><strong>Value</strong></th>
<th><strong>Description</strong></th>
</tr>
</thead>
<tbody>
<tr>
<td data-custom-style="Revision Char">Cell margins</td>
<td data-custom-style="Revision Char">0.10 cm</td>
<td data-custom-style="Revision Char">Padding inside cells</td>
</tr>
<tr>
<td>Cell spacing</td>
<td>0 pt</td>
<td>Space between cells</td>
</tr>
<tr>
<td>Autofit</td>
<td>Window</td>
<td>Table width adjustment</td>
</tr>
<tr>
<td data-custom-style="Revision Char">Alignment</td>
<td data-custom-style="Revision Char">Center</td>
<td data-custom-style="Revision Char">Table position on page</td>
</tr>
<tr>
<td>Revisions</td>
<td>Row 2</td>
<td>Mark changed text red</td>
</tr>
</tbody>
</table>
<div data-custom-style="Para After Table">
<p>The caption attributes above are applied to the DOCX table without
appearing in the final caption.</p>
</div>
<h3 id="sec:cell-merging">2.2.2 Cell Merging</h3>
<p>Use special markers to merge cells: <code>!&lt;!</code> merges left,
<code>!^!</code> merges up:</p>
<table id="tbl:merged-cells">
<caption>Table 3 Example of merged cells using markers.</caption>
<thead>
<tr>
<th style="text-align: center;"><strong>Category</strong></th>
<th style="text-align: center;"><strong>Subcategory</strong></th>
<th style="text-align: center;"><strong>Value</strong></th>
<th style="text-align: center;"><strong>Notes</strong></th>
</tr>
</thead>
<tbody>
<tr>
<td rowspan="2" style="text-align: center;">Group A</td>
<td style="text-align: center;">Item 1</td>
<td style="text-align: center;">10</td>
<td style="text-align: center;">First item</td>
</tr>
<tr>
<td style="text-align: center;">Item 2</td>
<td style="text-align: center;">20</td>
<td style="text-align: center;">Second item</td>
</tr>
<tr>
<td rowspan="2" style="text-align: center;">Group B</td>
<td style="text-align: center;">Item 3</td>
<td style="text-align: center;">30</td>
<td style="text-align: center;">Third item</td>
</tr>
<tr>
<td style="text-align: center;">Item 4</td>
<td colspan="2" style="text-align: center;">40</td>
</tr>
</tbody>
</table>
<div data-custom-style="Para After Table">
<p>In Table <a href="#tbl:merged-cells">3</a>, “Group A” spans two rows,
“Group B” spans two rows, and the last row has a merged cell spanning
two columns.</p>
</div>
<h2 id="sec:mathematical-formulation">2.3 Mathematical Formulation</h2>
<p>The proposed approach can be expressed mathematically. Consider a
function <span class="math inline">f(x)</span> defined as:</p>
<p><span id="eq:linear"><span class="math display">
f(\boldsymbol{x}) = \sum_{i=1}^{n} w_i \boldsymbol{x_i + b}
\tag{1}</span></span></p>
<div data-custom-style="Para Where">
<p>where <span class="math inline">w_i</span> represents the weight
parameters, <span class="math inline">x_i</span> are input features, and
<span class="math inline">b</span> is the bias term. The optimization
objective minimizes the loss function <span class="math inline">\mathcal{L}</span>:</p>
</div>
<p><span id="eq:loss"><span class="math display">
\mathcal{L}(\theta) = \frac{1}{N} \sum_{j=1}^{N} \ell(y_j, \hat{y}_j) +
\lambda R(\theta)
\tag{2}</span></span></p>
<div data-custom-style="Para Where">
<p>where <span class="math inline">\ell(\cdot)</span> is the per-sample
loss, <span class="math inline">R(\theta)</span> is a regularization
term, and <span class="math inline">\lambda</span> controls the
regularization strength. See Section <a href="#sec:results">3</a> for
empirical validation of Equation <a href="#eq:loss">2</a>.</p>
</div>
<h2 id="sec:procedure">2.4 Procedure</h2>
<p>The experimental procedure consists of four main stages. First, we
perform data preprocessing to clean and normalize the input data,
removing outliers and handling missing values according to [specific
criteria]. Second, feature extraction is conducted using [method name],
which captures [specific characteristics] from the raw data. Third,
model training is performed by optimizing Equation <a href="#eq:linear">1</a> and Equation <a href="#eq:loss">2</a> using
[optimization algorithm] with [specific hyperparameters]. Finally, we
evaluate the trained model using the metrics and protocols described in
Section <a href="#sec:results">3</a>.</p>
<h2 id="sec:pseudocode-example">2.5 Pseudocode Example</h2>
<p>The main workflow can also be summarized as pseudocode when an
explicit step-by-step procedure is useful. In this template, pseudocode
is represented as a one-column table and can be cited as a normal table,
as shown in Algorithm 1.</p>
<table data-revision_rows="*">
<colgroup>
<col style="width: 100%">
</colgroup>
<thead>
<tr>
<th data-custom-style="Revision Char"><strong>Algorithm: Dataset
preparation and model evaluation workflow</strong></th>
</tr>
</thead>
<tbody>
<tr>
<td data-custom-style="Revision Char">
<strong>Input:</strong> Raw
dataset <span class="math inline">D</span>, model family <span class="math inline">M</span>, evaluation metric <span class="math inline">s</span>
</td>
</tr>
<tr>
<td data-custom-style="Revision Char">
<strong>Output:</strong> Trained
model <span class="math inline">\hat{m}</span> and evaluation score
<span class="math inline">\hat{s}</span>
</td>
</tr>
<tr>
<td data-custom-style="Revision Char">1.  Clean and normalize all
records in <span class="math inline">D</span>
</td>
</tr>
<tr>
<td data-custom-style="Revision Char">2.  Split <span class="math inline">D</span> into training, validation, and test
subsets</td>
</tr>
<tr>
<td data-custom-style="Revision Char">3.  <strong>for</strong> each
candidate model <span class="math inline">m \in M</span>
<strong>do</strong>
</td>
</tr>
<tr>
<td data-custom-style="Revision Char">4.    Train <span class="math inline">m</span> on the training subset</td>
</tr>
<tr>
<td data-custom-style="Revision Char">5.    Tune hyperparameters using
the validation subset</td>
</tr>
<tr>
<td data-custom-style="Revision Char">6.  <strong>end for</strong>
</td>
</tr>
<tr>
<td data-custom-style="Revision Char">7.  Select the best model <span class="math inline">\hat{m}</span> according to validation
performance</td>
</tr>
<tr>
<td data-custom-style="Revision Char">8.  Compute <span class="math inline">\hat{s}</span> for <span class="math inline">\hat{m}</span> on the test subset</td>
</tr>
<tr>
<td data-custom-style="Revision Char">9.  <strong>return</strong> <span class="math inline">\hat{m}</span> and <span class="math inline">\hat{s}</span>
</td>
</tr>
</tbody>
</table>
<h1 id="sec:results">3 Results</h1>
<p>This section presents the experimental results and analysis.</p>
<h2 id="sec:quantitative-results">3.1 Quantitative Results</h2>
<p>Table <a href="#tbl:results">4</a> presents the quantitative
comparison of different approaches.</p>
<p>To illustrate how standard figures are inserted and referenced in
this template, we include a synthetic trend chart in Figure <a href="#fig:single-example">1</a>. The example uses an image stored under
<code>examples/images/</code>, which is convenient for demonstrating
relative paths in a reusable template repository.</p>
<!-- Test uncaptioned image-->
<p><img src="examples/images/single-figure-example.png" style="width:100.0%"></p>
<figure id="fig:single-example">
<img src="examples/images/single-figure-example.png" style="width:85.0%" alt="Figure 1 A single-figure example showing a synthetic performance trend across evaluation steps.">
<figcaption aria-hidden="true">Figure 1 A single-figure example showing
a synthetic performance trend across evaluation steps.</figcaption>
</figure>
<p>For most multi-panel layouts, prepare one SVG file that references
the child image files with relative paths. The SVG example in Figure <a href="#fig:subfigure-svg-example">2</a> composes two synthetic panels
from <code>examples/images/subfigure-a-example.png</code> and
<code>examples/images/subfigure-b-example.png</code>, while Markdown
treats the result as one normal figure with one caption and one
cross-reference label.</p>
<figure id="fig:subfigure-svg-example">
<img src="examples/images/subfigure-svg-layout-example.svg" style="width:90.0%" alt="Figure 2 An SVG-based multi-panel layout whose child panels are referenced by relative image paths inside the SVG file.">
<figcaption aria-hidden="true">Figure 2 An SVG-based multi-panel layout
whose child panels are referenced by relative image paths inside the SVG
file.</figcaption>
</figure>
<p>If the manuscript needs separate child-figure cross-references, use
the built-in subfigure grid support enabled in the YAML header. A simple
two-panel example is provided in Figure <a href="#fig:subfigure-example">3</a> to show how child figures can share
one main caption while still keeping individual labels. In this layout,
the left panel (Figure <a href="#fig:subfigure-a">3 (a)</a>) can be used
to present one condition or ablation case, while the right panel
(Figure <a href="#fig:subfigure-b">3 (b)</a>) can show the corresponding
comparison setting.</p>
<figure id="fig:subfigure-example" class="subfigures">
<table class="pmt-subfigure-table" style="width:98%;">
<colgroup>
<col style="width: 49%">
<col style="width: 49%">
</colgroup>
<tbody>
<tr>
<td style="text-align: center;"><figure id="fig:subfigure-a">
<img src="examples/images/subfigure-a-example.png" style="width:100.0%" alt="(a) Left panel showing one synthetic subfigure example.">
<figcaption aria-hidden="true">(a) Left panel showing one synthetic
subfigure example.</figcaption>
</figure></td>
<td style="text-align: center;"><figure id="fig:subfigure-b">
<img src="examples/images/subfigure-b-example.png" style="width:100.0%" alt="(b) Right panel showing another synthetic subfigure example.">
<figcaption aria-hidden="true">(b) Right panel showing another synthetic
subfigure example.</figcaption>
</figure></td>
</tr>
</tbody>
</table>
<figcaption><p>Figure 3 An example of a multi-subfigure layout using two
synthetic panels.</p></figcaption>
</figure>
<table id="tbl:results">
<caption>Table 4 Performance comparison across different methods. Best
results in <strong>bold</strong>.</caption>
<colgroup>
<col style="width: 16%">
<col style="width: 21%">
<col style="width: 22%">
<col style="width: 18%">
<col style="width: 21%">
</colgroup>
<thead>
<tr>
<th><strong>Method</strong></th>
<th><strong>Accuracy (%)</strong></th>
<th><strong>Precision (%)</strong></th>
<th><strong>Recall (%)</strong></th>
<th><strong>F1-Score (%)</strong></th>
</tr>
</thead>
<tbody>
<tr>
<td>Baseline</td>
<td>78.3</td>
<td>76.5</td>
<td>79.2</td>
<td>77.8</td>
</tr>
<tr>
<td>Method A</td>
<td>85.7</td>
<td>84.2</td>
<td>86.5</td>
<td>85.3</td>
</tr>
<tr>
<td>Method B</td>
<td>89.1</td>
<td>88.3</td>
<td>89.8</td>
<td>89.0</td>
</tr>
<tr>
<td><strong>Proposed</strong></td>
<td><strong>92.4</strong></td>
<td><strong>91.7</strong></td>
<td><strong>93.1</strong></td>
<td><strong>92.4</strong></td>
</tr>
</tbody>
</table>
<div data-custom-style="Para After Table">
<p>As shown in Table <a href="#tbl:results">4</a>, the proposed method
achieves superior performance across all metrics, with accuracy
improvements of 14.1 percentage points over the baseline.</p>
</div>
<h2 id="sec:statistical-significance">3.2 Statistical Significance</h2>
<p>We performed statistical significance testing using paired t-tests
(<span class="math inline">\alpha = 0.05</span>). The improvements shown
in Table <a href="#tbl:results">4</a> are statistically significant
(<span class="math inline">p &lt; 0.001</span>) compared to all baseline
methods.</p>
<h1 id="sec:discussion">4 Discussion</h1>
<h2 id="sec:interpretation-of-results">4.1 Interpretation of
Results</h2>
<p>The results presented in Section <a href="#sec:results">3</a>
demonstrate the effectiveness of the proposed approach. The performance
gains can be attributed to three main factors. First, the improved
feature representation described in Section <a href="#sec:methods">2</a>
enables the model to capture more discriminative information from the
input data. Second, the optimized training procedure employing the loss
function in Equation <a href="#eq:loss">2</a> effectively balances
prediction accuracy and generalization capability. Third, the robust
evaluation methodology outlined in Table <a href="#tbl:setup">1</a>
ensures that the performance estimates are reliable and reproducible
across different experimental conditions.</p>
<h2 id="sec:comparison-with-related-work">4.2 Comparison with Related
Work</h2>
<p>Previous work by <span class="citation" data-cites="anderson2021deep">[<a href="#ref-anderson2021deep" role="doc-biblioref">7</a>]</span> achieved 87.2% accuracy on similar
tasks, which is lower than our proposed method’s 92.4% (Table <a href="#tbl:results">4</a>). The approach by <span class="citation" data-cites="chen2024neural">[<a href="#ref-chen2024neural" role="doc-biblioref">3</a>]</span> reported comparable precision but
lower recall.</p>
<p>Recent theoretical work <span class="citation" data-cites="lee2023chapter">[<a href="#ref-lee2023chapter" role="doc-biblioref">8</a>]</span> provides a framework that helps
explain our empirical results.</p>
<h2 id="sec:limitations">4.3 Limitations</h2>
<p>This study has several limitations that should be acknowledged. The
results are based on a specific dataset, and generalization to other
domains or application contexts requires further empirical validation.
Additionally, the proposed method requires more computational resources
than simpler baseline approaches, which may limit its applicability in
resource-constrained environments. Performance may also vary with
different hyperparameter configurations, requiring careful tuning for
optimal results in new problem settings.</p>
<h2 id="sec:future-directions">4.4 Future Directions</h2>
<p>Several promising directions exist for future research. Extension to
larger-scale datasets would help validate the scalability and robustness
of the proposed approach. Integration with recent advances in [related
field] could potentially enhance performance further. Investigating
deployment considerations for real-world applications, including
computational efficiency and system integration challenges, would
facilitate practical adoption. Finally, systematic investigation of
failure cases and edge conditions would provide deeper insights into the
method’s limitations and guide future improvements.</p>
<h1 id="sec:conclusion">5 Conclusion</h1>
<p>This paper presents [brief summary of main contribution]. The
proposed approach achieves [key result] as demonstrated in Table <a href="#tbl:results">4</a>, with improvements of [specific metrics] over
existing baselines. The methodology described in Section <a href="#sec:methods">2</a> provides a systematic framework for
[application domain], while the experimental validation in Section <a href="#sec:results">3</a> confirms its effectiveness across multiple
evaluation criteria.</p>
<p>This Pandoc Markdown template supports automatic DOCX formatting,
cross-references to tables, sections, and equations, flexible citation
styles using CSL, mathematical notation, and optional LaTeX source
generation. Users should modify the YAML header to adjust formatting and
citation styles according to their target journal requirements.</p>
<h1 class="unnumbered" id="sec:data-and-code-availability">Data and Code
Availability</h1>
<p>[Optionally include information about data and code availability,
following your target journal’s requirements]</p>
<h1 class="unnumbered" id="sec:acknowledgments">Acknowledgments</h1>
<p>This work was supported by [funding source]. We thank [individuals or
organizations] for [specific contributions].</p>
<h1 class="unnumbered" id="sec:author-contributions">Author
Contributions</h1>
<p><strong>First Author</strong>: Conceptualization, Methodology,
Writing - Original Draft <strong>Second Author</strong>: Investigation,
Formal Analysis, Writing - Review &amp; Editing <strong>Third
Author</strong>: Resources, Supervision, Funding Acquisition</p>
<h1 class="unnumbered" id="sec:conflict-of-interest">Conflict of
Interest</h1>
<p>The authors declare no conflict of interest.</p>
<h1 class="unnumbered" id="bibliography">References</h1>
<div id="refs" class="references csl-bib-body" data-entry-spacing="0" role="list">
<div id="ref-smith2023machine" class="csl-entry" role="listitem">
<div class="csl-left-margin">[1] </div>
<div class="csl-right-inline">Smith J, Doe J. Machine learning applications
in modern research. Journal of Computer Science 2023;45:123–45. <a href="https://doi.org/10.1234/jcs.2023.001">https://doi.org/10.1234/jcs.2023.001</a>.</div>
</div>
<div id="ref-johnson2022data" class="csl-entry" role="listitem">
<div class="csl-left-margin">[2] </div>
<div class="csl-right-inline">Johnson M. Data analysis: A comprehensive
guide. 2nd ed. New York: Academic Press; 2022.</div>
</div>
<div id="ref-chen2024neural" class="csl-entry" role="listitem">
<div class="csl-left-margin">[3] </div>
<div class="csl-right-inline">Chen W, Zhang L. Neural network optimization
techniques. Proceedings of the international conference on artificial
intelligence, San Francisco, CA: IEEE; 2024, p. 45–52.</div>
</div>
<div id="ref-williams2023dataset" class="csl-entry" role="listitem">
<div class="csl-left-margin">[4] </div>
<div class="csl-right-inline">Williams S. OpenData: A large-scale public
dataset 2023.</div>
</div>
<div id="ref-garcia2022open" class="csl-entry" role="listitem">
<div class="csl-left-margin">[5] </div>
<div class="csl-right-inline">Garcia M, Brown J. Open science practices in
academic publishing. Nature Methods 2022;19:234–41. <a href="https://doi.org/10.1038/s41592-022-01234-5">https://doi.org/10.1038/s41592-022-01234-5</a>.</div>
</div>
<div id="ref-miller2023survey" class="csl-entry" role="listitem">
<div class="csl-left-margin">[6] </div>
<div class="csl-right-inline">Miller D, Taylor E. Survey of modern computing
paradigms. Washington, DC: National Science Foundation; 2023.</div>
</div>
<div id="ref-anderson2021deep" class="csl-entry" role="listitem">
<div class="csl-left-margin">[7] </div>
<div class="csl-right-inline">Anderson R. Deep learning architectures for
computer vision. PhD thesis. Massachusetts Institute of Technology,
2021.</div>
</div>
<div id="ref-lee2023chapter" class="csl-entry" role="listitem">
<div class="csl-left-margin">[8] </div>
<div class="csl-right-inline">Lee
K. Statistical methods for data analysis. In: Wilson P, editor. Handbook
of research methods, Berlin: Springer; 2023, p. 78–102.</div>
</div>
</div>
</main>
</body>
</html>
