<html lang="zh-Hans" xml:lang="zh-Hans" xmlns="http://www.w3.org/1999/xhtml"> <head> <meta charset="utf-8"> <meta content="width=device-width, initial-scale=1.0, user-scalable=yes" name="viewport"> <title>双语图表题注</title> </head> <body> <main> <header id="title-block-header"> <h1>双语图表题注</h1> </header> <h1 id="sec:第一章">1 第一章</h1> <h1 id="sec:第二章">2 第二章</h1> <h1 id="sec:第三章">3 第三章</h1> <p>参见 图 <a href="#fig:architecture">3-1</a>、图 <a href="#fig:next">3-2</a>、表 <a href="#tbl:comparison">3-1</a> 和 表 <a href="#tbl:next">3-2</a>。</p> <figure id="fig:architecture"> <img alt="MT-MoE ViT 网络架构图" src="../crossrefs/figure.svg"> <figcaption>
<span>图 3-1 MT-MoE ViT 网络架构图</span> <span lang="en">Fig. 3-1 Architecture diagram of the <em>MT-MoE ViT</em> network with <span class="inline math">\alpha</span>
</span>
</figcaption> </figure> <figure id="fig:next"> <img alt="图 3-2 后续单语图" src="../crossrefs/figure.svg"> <figcaption aria-hidden="true">图 3-2 后续单语图</figcaption> </figure> <table data-cell_margin="0.10cm" data-revision_rows="*" id="tbl:comparison"> <caption>
<span>表 3-1 模型性能对比</span> <span lang="en">Table 3-1 Performance comparison of <strong>different models</strong>
</span>
</caption> <colgroup> <col> <col> </colgroup> <thead> <tr> <th data-custom-style="Revision Char">模型</th> <th data-custom-style="Revision Char">得分</th> </tr> </thead> <tbody> <tr> <td data-custom-style="Revision Char">A</td> <td data-custom-style="Revision Char">95</td> </tr> <tr> <td data-custom-style="Revision Char">B</td> <td data-custom-style="Revision Char">96</td> </tr> </tbody> </table> <table id="tbl:next"> <caption>表 3-2 后续单语表</caption> <colgroup> <col> <col> </colgroup> <thead> <tr> <th>项目</th> <th>值</th> </tr> </thead> <tbody> <tr> <td>A</td> <td>1</td> </tr> </tbody> </table> <h1 id="sec:第四章">4 第四章</h1> <figure id="fig:chapter"> <img alt="新章节图" src="../crossrefs/figure.svg"> <figcaption>
<span>图 4-1 新章节图</span> <span lang="en">Fig. 4-1 Figure in a new chapter</span>
</figcaption> </figure> <p>图目录只包含主题注：</p> <h1>List of Figures</h1> <div> 3-1. MT-MoE ViT 网络架构图<br> 3-2. 后续单语图<br> 4-1. 新章节图<br> </div> <p>表目录只包含主题注：</p> <h1>List of Tables</h1> <div> 3-1. 模型性能对比<br> 3-2. 后续单语表<br> </div> </main> </body> </html>
